Archive member included to satisfy reference by file (symbol)

d:/program files (x86)/atollic/truestudio for stm32 9.3.0/armtools/bin/../lib/gcc/arm-atollic-eabi/6.3.1/../../../../arm-atollic-eabi/lib/armv7-m\libc_nano.a(lib_a-errno.o)
                              Core\Src\syscalls.o (__errno)
d:/program files (x86)/atollic/truestudio for stm32 9.3.0/armtools/bin/../lib/gcc/arm-atollic-eabi/6.3.1/../../../../arm-atollic-eabi/lib/armv7-m\libc_nano.a(lib_a-impure.o)
                              d:/program files (x86)/atollic/truestudio for stm32 9.3.0/armtools/bin/../lib/gcc/arm-atollic-eabi/6.3.1/../../../../arm-atollic-eabi/lib/armv7-m\libc_nano.a(lib_a-errno.o) (_impure_ptr)
d:/program files (x86)/atollic/truestudio for stm32 9.3.0/armtools/bin/../lib/gcc/arm-atollic-eabi/6.3.1/../../../../arm-atollic-eabi/lib/armv7-m\libc_nano.a(lib_a-init.o)
                              startup\startup_stm32f103xb.o (__libc_init_array)
d:/program files (x86)/atollic/truestudio for stm32 9.3.0/armtools/bin/../lib/gcc/arm-atollic-eabi/6.3.1/../../../../arm-atollic-eabi/lib/armv7-m\libc_nano.a(lib_a-memset.o)
                              Core\Lib\ARGB\ARGB.o (memset)
d:/program files (x86)/atollic/truestudio for stm32 9.3.0/armtools/bin/../lib/gcc/arm-atollic-eabi/6.3.1/../../../../arm-atollic-eabi/lib/armv7-m\libm.a(lib_a-sf_floor.o)
                              Core\Lib\ARGB\ARGB.o (floorf)
d:/program files (x86)/atollic/truestudio for stm32 9.3.0/armtools/bin/../lib/gcc/arm-atollic-eabi/6.3.1/armv7-m\libgcc.a(_arm_addsubdf3.o)
                              Core\Lib\ARGB\ARGB.o (__aeabi_ui2d)
d:/program files (x86)/atollic/truestudio for stm32 9.3.0/armtools/bin/../lib/gcc/arm-atollic-eabi/6.3.1/armv7-m\libgcc.a(_arm_muldivdf3.o)
                              Core\Lib\ARGB\ARGB.o (__aeabi_dmul)
d:/program files (x86)/atollic/truestudio for stm32 9.3.0/armtools/bin/../lib/gcc/arm-atollic-eabi/6.3.1/armv7-m\libgcc.a(_arm_fixunsdfsi.o)
                              Core\Lib\ARGB\ARGB.o (__aeabi_d2uiz)
d:/program files (x86)/atollic/truestudio for stm32 9.3.0/armtools/bin/../lib/gcc/arm-atollic-eabi/6.3.1/armv7-m\libgcc.a(_arm_addsubsf3.o)
                              Core\Lib\ARGB\ARGB.o (__aeabi_fsub)
d:/program files (x86)/atollic/truestudio for stm32 9.3.0/armtools/bin/../lib/gcc/arm-atollic-eabi/6.3.1/armv7-m\libgcc.a(_arm_muldivsf3.o)
                              Core\Lib\ARGB\ARGB.o (__aeabi_fmul)
d:/program files (x86)/atollic/truestudio for stm32 9.3.0/armtools/bin/../lib/gcc/arm-atollic-eabi/6.3.1/armv7-m\libgcc.a(_arm_cmpsf2.o)
                              d:/program files (x86)/atollic/truestudio for stm32 9.3.0/armtools/bin/../lib/gcc/arm-atollic-eabi/6.3.1/../../../../arm-atollic-eabi/lib/armv7-m\libm.a(lib_a-sf_floor.o) (__aeabi_fcmpgt)
d:/program files (x86)/atollic/truestudio for stm32 9.3.0/armtools/bin/../lib/gcc/arm-atollic-eabi/6.3.1/armv7-m\libgcc.a(_arm_fixsfsi.o)
                              Core\Lib\ARGB\ARGB.o (__aeabi_f2iz)

Allocating common symbols
Common symbol       size              file

PWM_HI              0x1               Core\Lib\ARGB\ARGB.o
hdma_tim2_ch2_ch4   0x44              Core\Src\main.o
uwTick              0x4               Drivers\STM32F1xx_HAL_Driver\Src\stm32f1xx_hal.o
pFlash              0x20              Drivers\STM32F1xx_HAL_Driver\Src\stm32f1xx_hal_flash.o
htim3               0x48              Core\Src\main.o
ARGB_LOC_ST         0x1               Core\Lib\ARGB\ARGB.o
PWM_LO              0x1               Core\Lib\ARGB\ARGB.o
htim2               0x48              Core\Src\main.o

Discarded input sections

 .text          0x00000000        0x0 d:/program files (x86)/atollic/truestudio for stm32 9.3.0/armtools/bin/../lib/gcc/arm-atollic-eabi/6.3.1/armv7-m/crti.o
 .data          0x00000000        0x0 d:/program files (x86)/atollic/truestudio for stm32 9.3.0/armtools/bin/../lib/gcc/arm-atollic-eabi/6.3.1/armv7-m/crti.o
 .bss           0x00000000        0x0 d:/program files (x86)/atollic/truestudio for stm32 9.3.0/armtools/bin/../lib/gcc/arm-atollic-eabi/6.3.1/armv7-m/crti.o
 .data          0x00000000        0x4 d:/program files (x86)/atollic/truestudio for stm32 9.3.0/armtools/bin/../lib/gcc/arm-atollic-eabi/6.3.1/armv7-m/crtbegin.o
 .text          0x00000000        0x0 Core\Lib\ARGB\ARGB.o
 .data          0x00000000        0x0 Core\Lib\ARGB\ARGB.o
 .bss           0x00000000        0x0 Core\Lib\ARGB\ARGB.o
 .text.ARGB_SetHSV
                0x00000000       0x4e Core\Lib\ARGB\ARGB.o
 .text.ARGB_SetWhite
                0x00000000       0x48 Core\Lib\ARGB\ARGB.o
 .text.ARGB_FillHSV
                0x00000000       0x42 Core\Lib\ARGB\ARGB.o
 .text.ARGB_FillWhite
                0x00000000       0x38 Core\Lib\ARGB\ARGB.o
 .text.ARGB_Ready
                0x00000000       0x18 Core\Lib\ARGB\ARGB.o
 .text.HSV2RGB  0x00000000      0x23c Core\Lib\ARGB\ARGB.o
 .text          0x00000000        0x0 Core\Lib\app_main.o
 .data          0x00000000        0x0 Core\Lib\app_main.o
[...]
Memory Configuration

Name             Origin             Length             Attributes
RAM              0x20000000         0x00005000         xrw
FLASH            0x08000000         0x00010000         xr
*default*        0x00000000         0xffffffff

Linker script and memory map

LOAD d:/program files (x86)/atollic/truestudio for stm32 9.3.0/armtools/bin/../lib/gcc/arm-atollic-eabi/6.3.1/armv7-m/crti.o
LOAD d:/program files (x86)/atollic/truestudio for stm32 9.3.0/armtools/bin/../lib/gcc/arm-atollic-eabi/6.3.1/armv7-m/crtbegin.o
LOAD Core\Lib\ARGB\ARGB.o
LOAD Core\Lib\app_main.o
LOAD Core\Lib\example.o
LOAD Core\Src\main.o
LOAD Core\Src\stm32f1xx_hal_msp.o
LOAD Core\Src\stm32f1xx_it.o
LOAD Core\Src\syscalls.o
LOAD Core\Src\system_stm32f1xx.o
LOAD Drivers\STM32F1xx_HAL_Driver\Src\stm32f1xx_hal.o
LOAD Drivers\STM32F1xx_HAL_Driver\Src\stm32f1xx_hal_cortex.o
LOAD Drivers\STM32F1xx_HAL_Driver\Src\stm32f1xx_hal_dma.o
LOAD Drivers\STM32F1xx_HAL_Driver\Src\stm32f1xx_hal_exti.o
LOAD Drivers\STM32F1xx_HAL_Driver\Src\stm32f1xx_hal_flash.o
LOAD Drivers\STM32F1xx_HAL_Driver\Src\stm32f1xx_hal_flash_ex.o
LOAD Drivers\STM32F1xx_HAL_Driver\Src\stm32f1xx_hal_gpio.o
LOAD Drivers\STM32F1xx_HAL_Driver\Src\stm32f1xx_hal_gpio_ex.o
LOAD Drivers\STM32F1xx_HAL_Driver\Src\stm32f1xx_hal_pwr.o
LOAD Drivers\STM32F1xx_HAL_Driver\Src\stm32f1xx_hal_rcc.o
LOAD Drivers\STM32F1xx_HAL_Driver\Src\stm32f1xx_hal_rcc_ex.o
LOAD Drivers\STM32F1xx_HAL_Driver\Src\stm32f1xx_hal_tim.o
LOAD Drivers\STM32F1xx_HAL_Driver\Src\stm32f1xx_hal_tim_ex.o
LOAD startup\startup_stm32f103xb.o
                0x00000080                malloc_getpagesize_P = 0x80
START GROUP
LOAD d:/program files (x86)/atollic/truestudio for stm32 9.3.0/armtools/bin/../lib/gcc/arm-atollic-eabi/6.3.1/../../../../arm-atollic-eabi/lib/armv7-m\libc_nano.a
LOAD d:/program files (x86)/atollic/truestudio for stm32 9.3.0/armtools/bin/../lib/gcc/arm-atollic-eabi/6.3.1/../../../../arm-atollic-eabi/lib/armv7-m\libm.a
END GROUP
START GROUP
LOAD d:/program files (x86)/atollic/truestudio for stm32 9.3.0/armtools/bin/../lib/gcc/arm-atollic-eabi/6.3.1/armv7-m\libgcc.a
LOAD d:/program files (x86)/atollic/truestudio for stm32 9.3.0/armtools/bin/../lib/gcc/arm-atollic-eabi/6.3.1/../../../../arm-atollic-eabi/lib/armv7-m\libc_nano.a
END GROUP
START GROUP
LOAD d:/program files (x86)/atollic/truestudio for stm32 9.3.0/armtools/bin/../lib/gcc/arm-atollic-eabi/6.3.1/armv7-m\libgcc.a
LOAD d:/program files (x86)/atollic/truestudio for stm32 9.3.0/armtools/bin/../lib/gcc/arm-atollic-eabi/6.3.1/../../../../arm-atollic-eabi/lib/armv7-m\libc_nano.a
LOAD d:/program files (x86)/atollic/truestudio for stm32 9.3.0/armtools/bin/../lib/gcc/arm-atollic-eabi/6.3.1/../../../../arm-atollic-eabi/lib/armv7-m\libnosys.a
END GROUP
START GROUP
LOAD d:/program files (x86)/atollic/truestudio for stm32 9.3.0/armtools/bin/../lib/gcc/arm-atollic-eabi/6.3.1/armv7-m\libgcc.a
LOAD d:/program files (x86)/atollic/truestudio for stm32 9.3.0/armtools/bin/../lib/gcc/arm-atollic-eabi/6.3.1/../../../../arm-atollic-eabi/lib/armv7-m\libc_nano.a
LOAD d:/program files (x86)/atollic/truestudio for stm32 9.3.0/armtools/bin/../lib/gcc/arm-atollic-eabi/6.3.1/../../../../arm-atollic-eabi/lib/armv7-m\libnosys.a
END GROUP
LOAD d:/program files (x86)/atollic/truestudio for stm32 9.3.0/armtools/bin/../lib/gcc/arm-atollic-eabi/6.3.1/armv7-m/crtend.o
LOAD d:/program files (x86)/atollic/truestudio for stm32 9.3.0/armtools/bin/../lib/gcc/arm-atollic-eabi/6.3.1/armv7-m/crtn.o
                0x20005000                _estack = 0x20005000
                0x00000200                _Min_Heap_Size = 0x200
                0x00000400                _Min_Stack_Size = 0x400

.isr_vector     0x08000000      0x10c
                0x08000000                . = ALIGN (0x4)
 *(.isr_vector)
 .isr_vector    0x08000000      0x10c startup\startup_stm32f103xb.o
                0x08000000                g_pfnVectors
                0x0800010c                . = ALIGN (0x4)

.text           0x08000110     0x3928
                0x08000110                . = ALIGN (0x4)
 *(.text)
 .text          0x08000110       0x40 d:/program files (x86)/atollic/truestudio for stm32 9.3.0/armtools/bin/../lib/gcc/arm-atollic-eabi/6.3.1/armv7-m/crtbegin.o
 .text          0x08000150      0x370 d:/program files (x86)/atollic/truestudio for stm32 9.3.0/armtools/bin/../lib/gcc/arm-atollic-eabi/6.3.1/armv7-m\libgcc.a(_arm_addsubdf3.o)
                0x08000150                __aeabi_drsub
                0x08000158                __aeabi_dsub
                0x08000158                __subdf3
                0x0800015c                __aeabi_dadd
                0x0800015c                __adddf3
                0x080003d4                __floatunsidf
                0x080003d4                __aeabi_ui2d
                0x080003f4                __floatsidf
                0x080003f4                __aeabi_i2d
                0x08000418                __aeabi_f2d
                0x08000418                __extendsfdf2
                0x08000454                __floatundidf
                0x08000454                __aeabi_ul2d
                0x08000464                __floatdidf
                0x08000464                __aeabi_l2d
 .text          0x080004c0      0x424 d:/program files (x86)/atollic/truestudio for stm32 9.3.0/armtools/bin/../lib/gcc/arm-atollic-eabi/6.3.1/armv7-m\libgcc.a(_arm_muldivdf3.o)
                0x080004c0                __aeabi_dmul
                0x080004c0                __muldf3
                0x08000714                __divdf3
                0x08000714                __aeabi_ddiv
 .text          0x080008e4       0x40 d:/program files (x86)/atollic/truestudio for stm32 9.3.0/armtools/bin/../lib/gcc/arm-atollic-eabi/6.3.1/armv7-m\libgcc.a(_arm_fixunsdfsi.o)
                0x080008e4                __aeabi_d2uiz
                0x080008e4                __fixunsdfsi
 *(.text*)
 *fill*         0x08000924        0x4 
 .text.ARGB_Init
                0x08000928       0xf0 Core\Lib\ARGB\ARGB.o
                0x08000928                ARGB_Init
 .text.ARGB_Clear
                0x08000a18       0x12 Core\Lib\ARGB\ARGB.o
                0x08000a18                ARGB_Clear
 *fill*         0x08000a2a        0x2 
 .text.ARGB_SetBrightness
                0x08000a2c       0x20 Core\Lib\ARGB\ARGB.o
                0x08000a2c                ARGB_SetBrightness
 .text.ARGB_SetRGB
                0x08000a4c       0xe0 Core\Lib\ARGB\ARGB.o
                0x08000a4c                ARGB_SetRGB
 .text.ARGB_FillRGB
                0x08000b2c       0x40 Core\Lib\ARGB\ARGB.o
                0x08000b2c                ARGB_FillRGB
 .text.ARGB_Show
                0x08000b6c      0x2cc Core\Lib\ARGB\ARGB.o
                0x08000b6c                ARGB_Show
 .text.scale8   0x08000e38       0x26 Core\Lib\ARGB\ARGB.o
 *fill*         0x08000e5e        0x2 
 .text.ARGB_TIM_DMADelayPulseCplt
                0x08000e60      0x2b4 Core\Lib\ARGB\ARGB.o
 .text.ARGB_TIM_DMADelayPulseHalfCplt
                0x08001114      0x180 Core\Lib\ARGB\ARGB.o
 .text.app_main
                0x08001294       0x6c Core\Lib\app_main.o
                0x08001294                app_main
 .text.main     0x08001300       0x2c Core\Src\main.o
                0x08001300                main
 .text.SystemClock_Config
                0x0800132c       0x8a Core\Src\main.o
                0x0800132c                SystemClock_Config
 *fill*         0x080013b6        0x2 
 .text.MX_TIM2_Init
                0x080013b8       0xb0 Core\Src\main.o
 .text.MX_TIM3_Init
                0x08001468       0x9c Core\Src\main.o
 .text.MX_DMA_Init
                0x08001504       0x3c Core\Src\main.o
 .text.MX_GPIO_Init
                0x08001540       0xc0 Core\Src\main.o
 .text.Error_Handler
                0x08001600        0x8 Core\Src\main.o
                0x08001600                Error_Handler
 .text.HAL_MspInit
                0x08001608       0x64 Core\Src\stm32f1xx_hal_msp.o
                0x08001608                HAL_MspInit
 .text.HAL_TIM_PWM_MspInit
                0x0800166c       0x9c Core\Src\stm32f1xx_hal_msp.o
                0x0800166c                HAL_TIM_PWM_MspInit
 .text.HAL_TIM_Base_MspInit
                0x08001708       0x4c Core\Src\stm32f1xx_hal_msp.o
                0x08001708                HAL_TIM_Base_MspInit
 .text.HAL_TIM_MspPostInit
                0x08001754       0x60 Core\Src\stm32f1xx_hal_msp.o
                0x08001754                HAL_TIM_MspPostInit
 .text.NMI_Handler
                0x080017b4        0x6 Core\Src\stm32f1xx_it.o
                0x080017b4                NMI_Handler
 .text.HardFault_Handler
                0x080017ba        0x6 Core\Src\stm32f1xx_it.o
                0x080017ba                HardFault_Handler
 .text.MemManage_Handler
                0x080017c0        0x6 Core\Src\stm32f1xx_it.o
                0x080017c0                MemManage_Handler
 .text.BusFault_Handler
                0x080017c6        0x6 Core\Src\stm32f1xx_it.o
                0x080017c6                BusFault_Handler
 .text.UsageFault_Handler
                0x080017cc        0x6 Core\Src\stm32f1xx_it.o
                0x080017cc                UsageFault_Handler
 .text.SVC_Handler
                0x080017d2        0xc Core\Src\stm32f1xx_it.o
                0x080017d2                SVC_Handler
 .text.DebugMon_Handler
                0x080017de        0xc Core\Src\stm32f1xx_it.o
                0x080017de                DebugMon_Handler
 .text.PendSV_Handler
                0x080017ea        0xc Core\Src\stm32f1xx_it.o
                0x080017ea                PendSV_Handler
 .text.SysTick_Handler
                0x080017f6        0xc Core\Src\stm32f1xx_it.o
                0x080017f6                SysTick_Handler
 *fill*         0x08001802        0x2 
 .text.DMA1_Channel7_IRQHandler
                0x08001804       0x14 Core\Src\stm32f1xx_it.o
                0x08001804                DMA1_Channel7_IRQHandler
 .text.TIM3_IRQHandler
                0x08001818       0x20 Core\Src\stm32f1xx_it.o
                0x08001818                TIM3_IRQHandler
 .text.SystemInit
                0x08001838        0xc Core\Src\system_stm32f1xx.o
                0x08001838                SystemInit
 .text.HAL_Init
                0x08001844       0x2c Drivers\STM32F1xx_HAL_Driver\Src\stm32f1xx_hal.o
                0x08001844                HAL_Init
 .text.HAL_InitTick
                0x08001870       0x60 Drivers\STM32F1xx_HAL_Driver\Src\stm32f1xx_hal.o
                0x08001870                HAL_InitTick
 .text.HAL_IncTick
                0x080018d0       0x24 Drivers\STM32F1xx_HAL_Driver\Src\stm32f1xx_hal.o
                0x080018d0                HAL_IncTick
 .text.HAL_GetTick
                0x080018f4       0x14 Drivers\STM32F1xx_HAL_Driver\Src\stm32f1xx_hal.o
                0x080018f4                HAL_GetTick
 .text.HAL_Delay
                0x08001908       0x44 Drivers\STM32F1xx_HAL_Driver\Src\stm32f1xx_hal.o
                0x08001908                HAL_Delay
 .text.__NVIC_SetPriorityGrouping
                0x0800194c       0x48 Drivers\STM32F1xx_HAL_Driver\Src\stm32f1xx_hal_cortex.o
 .text.__NVIC_GetPriorityGrouping
                0x08001994       0x1c Drivers\STM32F1xx_HAL_Driver\Src\stm32f1xx_hal_cortex.o
 .text.__NVIC_EnableIRQ
                0x080019b0       0x38 Drivers\STM32F1xx_HAL_Driver\Src\stm32f1xx_hal_cortex.o
 .text.__NVIC_SetPriority
                0x080019e8       0x54 Drivers\STM32F1xx_HAL_Driver\Src\stm32f1xx_hal_cortex.o
 .text.NVIC_EncodePriority
                0x08001a3c       0x60 Drivers\STM32F1xx_HAL_Driver\Src\stm32f1xx_hal_cortex.o
 .text.SysTick_Config
                0x08001a9c       0x44 Drivers\STM32F1xx_HAL_Driver\Src\stm32f1xx_hal_cortex.o
 .text.HAL_NVIC_SetPriorityGrouping
                0x08001ae0       0x16 Drivers\STM32F1xx_HAL_Driver\Src\stm32f1xx_hal_cortex.o
                0x08001ae0                HAL_NVIC_SetPriorityGrouping
 .text.HAL_NVIC_SetPriority
                0x08001af6       0x38 Drivers\STM32F1xx_HAL_Driver\Src\stm32f1xx_hal_cortex.o
                0x08001af6                HAL_NVIC_SetPriority
 .text.HAL_NVIC_EnableIRQ
                0x08001b2e       0x1c Drivers\STM32F1xx_HAL_Driver\Src\stm32f1xx_hal_cortex.o
                0x08001b2e                HAL_NVIC_EnableIRQ
 .text.HAL_SYSTICK_Config
                0x08001b4a       0x18 Drivers\STM32F1xx_HAL_Driver\Src\stm32f1xx_hal_cortex.o
                0x08001b4a                HAL_SYSTICK_Config
 *fill*         0x08001b62        0x2 
 .text.HAL_DMA_Init
                0x08001b64       0xb4 Drivers\STM32F1xx_HAL_Driver\Src\stm32f1xx_hal_dma.o
                0x08001b64                HAL_DMA_Init
 .text.HAL_DMA_Start_IT
                0x08001c18       0xbe Drivers\STM32F1xx_HAL_Driver\Src\stm32f1xx_hal_dma.o
                0x08001c18                HAL_DMA_Start_IT
 *fill*         0x08001cd6        0x2 
 .text.HAL_DMA_Abort_IT
                0x08001cd8       0xf8 Drivers\STM32F1xx_HAL_Driver\Src\stm32f1xx_hal_dma.o
                0x08001cd8                HAL_DMA_Abort_IT
 .text.HAL_DMA_IRQHandler
                0x08001dd0      0x224 Drivers\STM32F1xx_HAL_Driver\Src\stm32f1xx_hal_dma.o
                0x08001dd0                HAL_DMA_IRQHandler
 .text.DMA_SetConfig
                0x08001ff4       0x5a Drivers\STM32F1xx_HAL_Driver\Src\stm32f1xx_hal_dma.o
 *fill*         0x0800204e        0x2 
 .text.HAL_GPIO_Init
                0x08002050      0x2b4 Drivers\STM32F1xx_HAL_Driver\Src\stm32f1xx_hal_gpio.o
                0x08002050                HAL_GPIO_Init
 .text.HAL_GPIO_WritePin
                0x08002304       0x30 Drivers\STM32F1xx_HAL_Driver\Src\stm32f1xx_hal_gpio.o
                0x08002304                HAL_GPIO_WritePin
 .text.HAL_GPIO_TogglePin
                0x08002334       0x32 Drivers\STM32F1xx_HAL_Driver\Src\stm32f1xx_hal_gpio.o
                0x08002334                HAL_GPIO_TogglePin
 *fill*         0x08002366        0x2 
 .text.HAL_RCC_OscConfig
                0x08002368      0x500 Drivers\STM32F1xx_HAL_Driver\Src\stm32f1xx_hal_rcc.o
                0x08002368                HAL_RCC_OscConfig
 .text.HAL_RCC_ClockConfig
                0x08002868      0x1d4 Drivers\STM32F1xx_HAL_Driver\Src\stm32f1xx_hal_rcc.o
                0x08002868                HAL_RCC_ClockConfig
 .text.HAL_RCC_GetSysClockFreq
                0x08002a3c       0xc4 Drivers\STM32F1xx_HAL_Driver\Src\stm32f1xx_hal_rcc.o
                0x08002a3c                HAL_RCC_GetSysClockFreq
 .text.HAL_RCC_GetHCLKFreq
                0x08002b00       0x14 Drivers\STM32F1xx_HAL_Driver\Src\stm32f1xx_hal_rcc.o
                0x08002b00                HAL_RCC_GetHCLKFreq
 .text.HAL_RCC_GetPCLK2Freq
                0x08002b14       0x28 Drivers\STM32F1xx_HAL_Driver\Src\stm32f1xx_hal_rcc.o
                0x08002b14                HAL_RCC_GetPCLK2Freq
 .text.RCC_Delay
                0x08002b3c       0x3c Drivers\STM32F1xx_HAL_Driver\Src\stm32f1xx_hal_rcc.o
 .text.HAL_TIM_Base_Init
                0x08002b78       0x9e Drivers\STM32F1xx_HAL_Driver\Src\stm32f1xx_hal_tim.o
                0x08002b78                HAL_TIM_Base_Init
 *fill*         0x08002c16        0x2 
 .text.HAL_TIM_Base_Start_IT
                0x08002c18       0xa4 Drivers\STM32F1xx_HAL_Driver\Src\stm32f1xx_hal_tim.o
                0x08002c18                HAL_TIM_Base_Start_IT
 .text.HAL_TIM_PWM_Init
                0x08002cbc       0x9e Drivers\STM32F1xx_HAL_Driver\Src\stm32f1xx_hal_tim.o
                0x08002cbc                HAL_TIM_PWM_Init
 .text.HAL_TIM_IRQHandler
                0x08002d5a      0x210 Drivers\STM32F1xx_HAL_Driver\Src\stm32f1xx_hal_tim.o
                0x08002d5a                HAL_TIM_IRQHandler
 *fill*         0x08002f6a        0x2 
 .text.HAL_TIM_PWM_ConfigChannel
                0x08002f6c      0x17c Drivers\STM32F1xx_HAL_Driver\Src\stm32f1xx_hal_tim.o
                0x08002f6c                HAL_TIM_PWM_ConfigChannel
 .text.HAL_TIM_ConfigClockSource
                0x080030e8      0x16e Drivers\STM32F1xx_HAL_Driver\Src\stm32f1xx_hal_tim.o
                0x080030e8                HAL_TIM_ConfigClockSource
 .text.HAL_TIM_PeriodElapsedCallback
                0x08003256       0x12 Drivers\STM32F1xx_HAL_Driver\Src\stm32f1xx_hal_tim.o
                0x08003256                HAL_TIM_PeriodElapsedCallback
 .text.HAL_TIM_OC_DelayElapsedCallback
                0x08003268       0x12 Drivers\STM32F1xx_HAL_Driver\Src\stm32f1xx_hal_tim.o
                0x08003268                HAL_TIM_OC_DelayElapsedCallback
 .text.HAL_TIM_IC_CaptureCallback
                0x0800327a       0x12 Drivers\STM32F1xx_HAL_Driver\Src\stm32f1xx_hal_tim.o
                0x0800327a                HAL_TIM_IC_CaptureCallback
 .text.HAL_TIM_PWM_PulseFinishedCallback
                0x0800328c       0x12 Drivers\STM32F1xx_HAL_Driver\Src\stm32f1xx_hal_tim.o
                0x0800328c                HAL_TIM_PWM_PulseFinishedCallback
 .text.HAL_TIM_TriggerCallback
                0x0800329e       0x12 Drivers\STM32F1xx_HAL_Driver\Src\stm32f1xx_hal_tim.o
                0x0800329e                HAL_TIM_TriggerCallback
 .text.HAL_TIM_ErrorCallback
                0x080032b0       0x12 Drivers\STM32F1xx_HAL_Driver\Src\stm32f1xx_hal_tim.o
                0x080032b0                HAL_TIM_ErrorCallback
 .text.TIM_DMAError
                0x080032c2       0x92 Drivers\STM32F1xx_HAL_Driver\Src\stm32f1xx_hal_tim.o
                0x080032c2                TIM_DMAError
 .text.TIM_Base_SetConfig
                0x08003354       0xc4 Drivers\STM32F1xx_HAL_Driver\Src\stm32f1xx_hal_tim.o
                0x08003354                TIM_Base_SetConfig
 .text.TIM_OC1_SetConfig
                0x08003418       0xcc Drivers\STM32F1xx_HAL_Driver\Src\stm32f1xx_hal_tim.o
 .text.TIM_OC2_SetConfig
                0x080034e4       0xd4 Drivers\STM32F1xx_HAL_Driver\Src\stm32f1xx_hal_tim.o
                0x080034e4                TIM_OC2_SetConfig
 .text.TIM_OC3_SetConfig
                0x080035b8       0xd4 Drivers\STM32F1xx_HAL_Driver\Src\stm32f1xx_hal_tim.o
 .text.TIM_OC4_SetConfig
                0x0800368c       0x9c Drivers\STM32F1xx_HAL_Driver\Src\stm32f1xx_hal_tim.o
 .text.TIM_TI1_ConfigInputStage
                0x08003728       0x5c Drivers\STM32F1xx_HAL_Driver\Src\stm32f1xx_hal_tim.o
 .text.TIM_TI2_ConfigInputStage
                0x08003784       0x5e Drivers\STM32F1xx_HAL_Driver\Src\stm32f1xx_hal_tim.o
 .text.TIM_ITRx_SetConfig
                0x080037e2       0x34 Drivers\STM32F1xx_HAL_Driver\Src\stm32f1xx_hal_tim.o
 .text.TIM_ETR_SetConfig
                0x08003816       0x3e Drivers\STM32F1xx_HAL_Driver\Src\stm32f1xx_hal_tim.o
                0x08003816                TIM_ETR_SetConfig
 .text.TIM_CCxChannelCmd
                0x08003854       0x48 Drivers\STM32F1xx_HAL_Driver\Src\stm32f1xx_hal_tim.o
                0x08003854                TIM_CCxChannelCmd
 .text.HAL_TIMEx_MasterConfigSynchronization
                0x0800389c       0xbc Drivers\STM32F1xx_HAL_Driver\Src\stm32f1xx_hal_tim_ex.o
                0x0800389c                HAL_TIMEx_MasterConfigSynchronization
 .text.HAL_TIMEx_CommutCallback
                0x08003958       0x12 Drivers\STM32F1xx_HAL_Driver\Src\stm32f1xx_hal_tim_ex.o
                0x08003958                HAL_TIMEx_CommutCallback
 .text.HAL_TIMEx_BreakCallback
                0x0800396a       0x12 Drivers\STM32F1xx_HAL_Driver\Src\stm32f1xx_hal_tim_ex.o
                0x0800396a                HAL_TIMEx_BreakCallback
 .text.Reset_Handler
                0x0800397c       0x48 startup\startup_stm32f103xb.o
                0x0800397c                Reset_Handler
 .text.Default_Handler
                0x080039c4        0x2 startup\startup_stm32f103xb.o
                0x080039c4                RTC_Alarm_IRQHandler
                0x080039c4                EXTI2_IRQHandler
                0x080039c4                TIM1_CC_IRQHandler
                0x080039c4                PVD_IRQHandler
                0x080039c4                EXTI3_IRQHandler
                0x080039c4                EXTI0_IRQHandler
                0x080039c4                I2C2_EV_IRQHandler
                0x080039c4                ADC1_2_IRQHandler
                0x080039c4                SPI1_IRQHandler
                0x080039c4                TAMPER_IRQHandler
                0x080039c4                DMA1_Channel4_IRQHandler
                0x080039c4                USART3_IRQHandler
                0x080039c4                RTC_IRQHandler
                0x080039c4                CAN1_RX1_IRQHandler
                0x080039c4                TIM4_IRQHandler
                0x080039c4                I2C1_EV_IRQHandler
                0x080039c4                DMA1_Channel6_IRQHandler
                0x080039c4                RCC_IRQHandler
                0x080039c4                TIM1_TRG_COM_IRQHandler
                0x080039c4                DMA1_Channel1_IRQHandler
                0x080039c4                Default_Handler
                0x080039c4                EXTI15_10_IRQHandler
                0x080039c4                EXTI9_5_IRQHandler
                0x080039c4                SPI2_IRQHandler
                0x080039c4                DMA1_Channel5_IRQHandler
                0x080039c4                EXTI4_IRQHandler
                0x080039c4                USB_LP_CAN1_RX0_IRQHandler
                0x080039c4                USB_HP_CAN1_TX_IRQHandler
                0x080039c4                DMA1_Channel3_IRQHandler
                0x080039c4                TIM1_UP_IRQHandler
                0x080039c4                WWDG_IRQHandler
                0x080039c4                TIM2_IRQHandler
                0x080039c4                TIM1_BRK_IRQHandler
                0x080039c4                EXTI1_IRQHandler
                0x080039c4                USART2_IRQHandler
                0x080039c4                I2C2_ER_IRQHandler
                0x080039c4                DMA1_Channel2_IRQHandler
                0x080039c4                CAN1_SCE_IRQHandler
                0x080039c4                FLASH_IRQHandler
                0x080039c4                USART1_IRQHandler
                0x080039c4                I2C1_ER_IRQHandler
                0x080039c4                USBWakeUp_IRQHandler
 *fill*         0x080039c6        0x2 
 .text.__libc_init_array
                0x080039c8       0x48 d:/program files (x86)/atollic/truestudio for stm32 9.3.0/armtools/bin/../lib/gcc/arm-atollic-eabi/6.3.1/../../../../arm-atollic-eabi/lib/armv7-m\libc_nano.a(lib_a-init.o)
                0x080039c8                __libc_init_array
 .text.memset   0x08003a10       0x10 d:/program files (x86)/atollic/truestudio for stm32 9.3.0/armtools/bin/../lib/gcc/arm-atollic-eabi/6.3.1/../../../../arm-atollic-eabi/lib/armv7-m\libc_nano.a(lib_a-memset.o)
                0x08003a10                memset
 *(.glue_7)
 .glue_7        0x08003a20        0x0 linker stubs
 *(.glue_7t)
 .glue_7t       0x08003a20        0x0 linker stubs
 *(.eh_frame)
 .eh_frame      0x08003a20        0x0 d:/program files (x86)/atollic/truestudio for stm32 9.3.0/armtools/bin/../lib/gcc/arm-atollic-eabi/6.3.1/armv7-m/crtbegin.o
 *(.init)
 .init          0x08003a20        0x4 d:/program files (x86)/atollic/truestudio for stm32 9.3.0/armtools/bin/../lib/gcc/arm-atollic-eabi/6.3.1/armv7-m/crti.o
                0x08003a20                _init
 .init          0x08003a24        0x8 d:/program files (x86)/atollic/truestudio for stm32 9.3.0/armtools/bin/../lib/gcc/arm-atollic-eabi/6.3.1/armv7-m/crtn.o
 *(.fini)
 .fini          0x08003a2c        0x4 d:/program files (x86)/atollic/truestudio for stm32 9.3.0/armtools/bin/../lib/gcc/arm-atollic-eabi/6.3.1/armv7-m/crti.o
                0x08003a2c                _fini
 .fini          0x08003a30        0x8 d:/program files (x86)/atollic/truestudio for stm32 9.3.0/armtools/bin/../lib/gcc/arm-atollic-eabi/6.3.1/armv7-m/crtn.o
                0x08003a38                . = ALIGN (0x4)
                0x08003a38                _etext = .

.vfp11_veneer   0x08003a38        0x0
 .vfp11_veneer  0x08003a38        0x0 linker stubs

.v4_bx          0x08003a38        0x0
 .v4_bx         0x08003a38        0x0 linker stubs

.iplt           0x08003a38        0x0
 .iplt          0x08003a38        0x0 d:/program files (x86)/atollic/truestudio for stm32 9.3.0/armtools/bin/../lib/gcc/arm-atollic-eabi/6.3.1/armv7-m/crtbegin.o

.rodata         0x08003a38       0x2c
                0x08003a38                . = ALIGN (0x4)
 *(.rodata)
 .rodata        0x08003a38       0x12 Drivers\STM32F1xx_HAL_Driver\Src\stm32f1xx_hal_rcc.o
 *(.rodata*)
 *fill*         0x08003a4a        0x2 
 .rodata.AHBPrescTable
                0x08003a4c       0x10 Core\Src\system_stm32f1xx.o
                0x08003a4c                AHBPrescTable
 .rodata.APBPrescTable
                0x08003a5c        0x8 Core\Src\system_stm32f1xx.o
                0x08003a5c                APBPrescTable
                0x08003a64                . = ALIGN (0x4)

.rel.dyn        0x08003a64        0x0
 .rel.iplt      0x08003a64        0x0 d:/program files (x86)/atollic/truestudio for stm32 9.3.0/armtools/bin/../lib/gcc/arm-atollic-eabi/6.3.1/armv7-m/crtbegin.o

.ARM.extab
 *(.ARM.extab* .gnu.linkonce.armextab.*)

.ARM            0x08003a64        0x0
                0x08003a64                __exidx_start = .
 *(.ARM.exidx*)
                0x08003a64                __exidx_end = .

.preinit_array  0x08003a64        0x0
                0x08003a64                PROVIDE (__preinit_array_start, .)
 *(.preinit_array*)
                0x08003a64                PROVIDE (__preinit_array_end, .)

.init_array     0x08003a64        0x4
                0x08003a64                PROVIDE (__init_array_start, .)
 *(SORT(.init_array.*))
 *(.init_array*)
 .init_array    0x08003a64        0x4 d:/program files (x86)/atollic/truestudio for stm32 9.3.0/armtools/bin/../lib/gcc/arm-atollic-eabi/6.3.1/armv7-m/crtbegin.o
                0x08003a68                PROVIDE (__init_array_end, .)

.fini_array     0x08003a68        0x4
                [!provide]                PROVIDE (__fini_array_start, .)
 *(SORT(.fini_array.*))
 *(.fini_array*)
 .fini_array    0x08003a68        0x4 d:/program files (x86)/atollic/truestudio for stm32 9.3.0/armtools/bin/../lib/gcc/arm-atollic-eabi/6.3.1/armv7-m/crtbegin.o
                [!provide]                PROVIDE (__fini_array_end, .)
                0x08003a6c                _sidata = LOADADDR (.data)

.data           0x20000000       0x10 load address 0x08003a6c
                0x20000000                . = ALIGN (0x4)
                0x20000000                _sdata = .
 *(.data)
 *(.data*)
 .data.ARGB_BR  0x20000000        0x1 Core\Lib\ARGB\ARGB.o
                0x20000000                ARGB_BR
 *fill*         0x20000001        0x3 
 .data.SystemCoreClock
                0x20000004        0x4 Core\Src\system_stm32f1xx.o
                0x20000004                SystemCoreClock
 .data.uwTickPrio
                0x20000008        0x4 Drivers\STM32F1xx_HAL_Driver\Src\stm32f1xx_hal.o
                0x20000008                uwTickPrio
 .data.uwTickFreq
                0x2000000c        0x1 Drivers\STM32F1xx_HAL_Driver\Src\stm32f1xx_hal.o
                0x2000000c                uwTickFreq
                0x20000010                . = ALIGN (0x4)
 *fill*         0x2000000d        0x3 
                0x20000010                _edata = .

.igot.plt       0x20000010        0x0 load address 0x08003a7c
 .igot.plt      0x20000010        0x0 d:/program files (x86)/atollic/truestudio for stm32 9.3.0/armtools/bin/../lib/gcc/arm-atollic-eabi/6.3.1/armv7-m/crtbegin.o
                0x20000010                . = ALIGN (0x4)

.bss            0x20000010      0x1c0 load address 0x08003a7c
                0x20000010                _sbss = .
                0x20000010                __bss_start__ = _sbss
 *(.bss)
 .bss           0x20000010       0x1c d:/program files (x86)/atollic/truestudio for stm32 9.3.0/armtools/bin/../lib/gcc/arm-atollic-eabi/6.3.1/armv7-m/crtbegin.o
 *(.bss*)
 .bss.RGB_BUF   0x2000002c        0x3 Core\Lib\ARGB\ARGB.o
                0x2000002c                RGB_BUF
 *fill*         0x2000002f        0x1 
 .bss.PWM_BUF   0x20000030       0xc0 Core\Lib\ARGB\ARGB.o
                0x20000030                PWM_BUF
 .bss.BUF_COUNTER
                0x200000f0        0x2 Core\Lib\ARGB\ARGB.o
                0x200000f0                BUF_COUNTER
 *(COMMON)
 COMMON         0x200000f2        0x3 Core\Lib\ARGB\ARGB.o
                0x200000f2                PWM_HI
                0x200000f3                ARGB_LOC_ST
                0x200000f4                PWM_LO
 *fill*         0x200000f5        0x3 
 COMMON         0x200000f8       0xd4 Core\Src\main.o
                0x200000f8                hdma_tim2_ch2_ch4
                0x2000013c                htim3
                0x20000184                htim2
 COMMON         0x200001cc        0x4 Drivers\STM32F1xx_HAL_Driver\Src\stm32f1xx_hal.o
                0x200001cc                uwTick
                0x200001d0                . = ALIGN (0x4)
                0x200001d0                _ebss = .
                0x200001d0                __bss_end__ = _ebss

._user_heap_stack
                0x200001d0      0x600 load address 0x08003a7c
                0x200001d0                . = ALIGN (0x4)
                0x200001d0                PROVIDE (end, .)
                [!provide]                PROVIDE (_end, .)
                0x200003d0                . = (. + _Min_Heap_Size)
 *fill*         0x200001d0      0x200 
                0x200007d0                . = (. + _Min_Stack_Size)
 *fill*         0x200003d0      0x400 
                0x200007d0                . = ALIGN (0x4)

/DISCARD/
 libc.a(*)
 libm.a(*)
 libgcc.a(*)

.ARM.attributes
                0x00000000       0x29
 *(.ARM.attributes)
 .ARM.attributes
                0x00000000       0x1d d:/program files (x86)/atollic/truestudio for stm32 9.3.0/armtools/bin/../lib/gcc/arm-atollic-eabi/6.3.1/armv7-m/crti.o
 .ARM.attributes
                0x0000001d       0x2d d:/program files (x86)/atollic/truestudio for stm32 9.3.0/armtools/bin/../lib/gcc/arm-atollic-eabi/6.3.1/armv7-m/crtbegin.o
 .ARM.attributes
                0x0000004a       0x33 Core\Lib\ARGB\ARGB.o
 .ARM.attributes
                0x0000007d       0x33 Core\Lib\app_main.o
 .ARM.attributes
                0x000000b0       0x33 Core\Src\main.o
 .ARM.attributes
                0x000000e3       0x33 Core\Src\stm32f1xx_hal_msp.o
 .ARM.attributes
                0x00000116       0x33 Core\Src\stm32f1xx_it.o
 .ARM.attributes
                0x00000149       0x33 Core\Src\system_stm32f1xx.o
 .ARM.attributes
                0x0000017c       0x33 Drivers\STM32F1xx_HAL_Driver\Src\stm32f1xx_hal.o
 .ARM.attributes
                0x000001af       0x33 Drivers\STM32F1xx_HAL_Driver\Src\stm32f1xx_hal_cortex.o
 .ARM.attributes
                0x000001e2       0x33 Drivers\STM32F1xx_HAL_Driver\Src\stm32f1xx_hal_dma.o
 .ARM.attributes
                0x00000215       0x33 Drivers\STM32F1xx_HAL_Driver\Src\stm32f1xx_hal_gpio.o
 .ARM.attributes
                0x00000248       0x33 Drivers\STM32F1xx_HAL_Driver\Src\stm32f1xx_hal_rcc.o
 .ARM.attributes
                0x0000027b       0x33 Drivers\STM32F1xx_HAL_Driver\Src\stm32f1xx_hal_tim.o
 .ARM.attributes
                0x000002ae       0x33 Drivers\STM32F1xx_HAL_Driver\Src\stm32f1xx_hal_tim_ex.o
 .ARM.attributes
                0x000002e1       0x21 startup\startup_stm32f103xb.o
 .ARM.attributes
                0x00000302       0x2d d:/program files (x86)/atollic/truestudio for stm32 9.3.0/armtools/bin/../lib/gcc/arm-atollic-eabi/6.3.1/../../../../arm-atollic-eabi/lib/armv7-m\libc_nano.a(lib_a-init.o)
 .ARM.attributes
                0x0000032f       0x2d d:/program files (x86)/atollic/truestudio for stm32 9.3.0/armtools/bin/../lib/gcc/arm-atollic-eabi/6.3.1/../../../../arm-atollic-eabi/lib/armv7-m\libc_nano.a(lib_a-memset.o)
 .ARM.attributes
                0x0000035c       0x1d d:/program files (x86)/atollic/truestudio for stm32 9.3.0/armtools/bin/../lib/gcc/arm-atollic-eabi/6.3.1/armv7-m\libgcc.a(_arm_addsubdf3.o)
 .ARM.attributes
                0x00000379       0x1d d:/program files (x86)/atollic/truestudio for stm32 9.3.0/armtools/bin/../lib/gcc/arm-atollic-eabi/6.3.1/armv7-m\libgcc.a(_arm_muldivdf3.o)
 .ARM.attributes
                0x00000396       0x1d d:/program files (x86)/atollic/truestudio for stm32 9.3.0/armtools/bin/../lib/gcc/arm-atollic-eabi/6.3.1/armv7-m\libgcc.a(_arm_fixunsdfsi.o)
 .ARM.attributes
                0x000003b3       0x1d d:/program files (x86)/atollic/truestudio for stm32 9.3.0/armtools/bin/../lib/gcc/arm-atollic-eabi/6.3.1/armv7-m/crtn.o
OUTPUT(start.elf elf32-littlearm)

.debug_info     0x00000000     0xa6cf
 .debug_info    0x00000000     0x15b8 Core\Lib\ARGB\ARGB.o
 .debug_info    0x000015b8      0x9a8 Core\Lib\app_main.o
 .debug_info    0x00001f60      0xcfa Core\Src\main.o
 .debug_info    0x00002c5a      0xb3f Core\Src\stm32f1xx_hal_msp.o
 .debug_info    0x00003799      0x7e2 Core\Src\stm32f1xx_it.o
 .debug_info    0x00003f7b      0x29b Core\Src\system_stm32f1xx.o
 .debug_info    0x00004216      0x714 Drivers\STM32F1xx_HAL_Driver\Src\stm32f1xx_hal.o
 .debug_info    0x0000492a      0xb52 Drivers\STM32F1xx_HAL_Driver\Src\stm32f1xx_hal_cortex.o
 .debug_info    0x0000547c      0x7ad Drivers\STM32F1xx_HAL_Driver\Src\stm32f1xx_hal_dma.o
 .debug_info    0x00005c29      0x69b Drivers\STM32F1xx_HAL_Driver\Src\stm32f1xx_hal_gpio.o
 .debug_info    0x000062c4      0x80e Drivers\STM32F1xx_HAL_Driver\Src\stm32f1xx_hal_rcc.o
 .debug_info    0x00006ad2     0x27ea Drivers\STM32F1xx_HAL_Driver\Src\stm32f1xx_hal_tim.o
 .debug_info    0x000092bc     0x13a5 Drivers\STM32F1xx_HAL_Driver\Src\stm32f1xx_hal_tim_ex.o
 .debug_info    0x0000a661       0x6e startup\startup_stm32f103xb.o

.debug_abbrev   0x00000000     0x19f5
 .debug_abbrev  0x00000000      0x33c Core\Lib\ARGB\ARGB.o
 .debug_abbrev  0x0000033c      0x190 Core\Lib\app_main.o
 .debug_abbrev  0x000004cc      0x21a Core\Src\main.o
 .debug_abbrev  0x000006e6      0x19f Core\Src\stm32f1xx_hal_msp.o
 .debug_abbrev  0x00000885      0x153 Core\Src\stm32f1xx_it.o
 .debug_abbrev  0x000009d8      0x12f Core\Src\system_stm32f1xx.o
 .debug_abbrev  0x00000b07      0x1c2 Drivers\STM32F1xx_HAL_Driver\Src\stm32f1xx_hal.o
 .debug_abbrev  0x00000cc9      0x2d0 Drivers\STM32F1xx_HAL_Driver\Src\stm32f1xx_hal_cortex.o
 .debug_abbrev  0x00000f99      0x1f9 Drivers\STM32F1xx_HAL_Driver\Src\stm32f1xx_hal_dma.o
 .debug_abbrev  0x00001192      0x1bb Drivers\STM32F1xx_HAL_Driver\Src\stm32f1xx_hal_gpio.o
 .debug_abbrev  0x0000134d      0x23e Drivers\STM32F1xx_HAL_Driver\Src\stm32f1xx_hal_rcc.o
 .debug_abbrev  0x0000158b      0x229 Drivers\STM32F1xx_HAL_Driver\Src\stm32f1xx_hal_tim.o
 .debug_abbrev  0x000017b4      0x22f Drivers\STM32F1xx_HAL_Driver\Src\stm32f1xx_hal_tim_ex.o
 .debug_abbrev  0x000019e3       0x12 startup\startup_stm32f103xb.o

.debug_aranges  0x00000000      0xa88
 .debug_aranges
                0x00000000       0x90 Core\Lib\ARGB\ARGB.o
 .debug_aranges
                0x00000090       0x20 Core\Lib\app_main.o
 .debug_aranges
                0x000000b0       0x50 Core\Src\main.o
 .debug_aranges
                0x00000100       0x48 Core\Src\stm32f1xx_hal_msp.o
 .debug_aranges
                0x00000148       0x70 Core\Src\stm32f1xx_it.o
 .debug_aranges
                0x000001b8       0x28 Core\Src\system_stm32f1xx.o
 .debug_aranges
                0x000001e0       0xe0 Drivers\STM32F1xx_HAL_Driver\Src\stm32f1xx_hal.o
 .debug_aranges
                0x000002c0      0x100 Drivers\STM32F1xx_HAL_Driver\Src\stm32f1xx_hal_cortex.o
 .debug_aranges
                0x000003c0       0x80 Drivers\STM32F1xx_HAL_Driver\Src\stm32f1xx_hal_dma.o
 .debug_aranges
                0x00000440       0x58 Drivers\STM32F1xx_HAL_Driver\Src\stm32f1xx_hal_gpio.o
 .debug_aranges
                0x00000498       0x90 Drivers\STM32F1xx_HAL_Driver\Src\stm32f1xx_hal_rcc.o
 .debug_aranges
                0x00000528      0x3d0 Drivers\STM32F1xx_HAL_Driver\Src\stm32f1xx_hal_tim.o
 .debug_aranges
                0x000008f8      0x168 Drivers\STM32F1xx_HAL_Driver\Src\stm32f1xx_hal_tim_ex.o
 .debug_aranges
                0x00000a60       0x28 startup\startup_stm32f103xb.o

.debug_ranges   0x00000000      0x9b0
 .debug_ranges  0x00000000       0x80 Core\Lib\ARGB\ARGB.o
 .debug_ranges  0x00000080       0x10 Core\Lib\app_main.o
 .debug_ranges  0x00000090       0x40 Core\Src\main.o
 .debug_ranges  0x000000d0       0x38 Core\Src\stm32f1xx_hal_msp.o
 .debug_ranges  0x00000108       0x60 Core\Src\stm32f1xx_it.o
 .debug_ranges  0x00000168       0x18 Core\Src\system_stm32f1xx.o
 .debug_ranges  0x00000180       0xd0 Drivers\STM32F1xx_HAL_Driver\Src\stm32f1xx_hal.o
 .debug_ranges  0x00000250       0xf0 Drivers\STM32F1xx_HAL_Driver\Src\stm32f1xx_hal_cortex.o
 .debug_ranges  0x00000340       0x70 Drivers\STM32F1xx_HAL_Driver\Src\stm32f1xx_hal_dma.o
 .debug_ranges  0x000003b0       0x48 Drivers\STM32F1xx_HAL_Driver\Src\stm32f1xx_hal_gpio.o
 .debug_ranges  0x000003f8       0x80 Drivers\STM32F1xx_HAL_Driver\Src\stm32f1xx_hal_rcc.o
 .debug_ranges  0x00000478      0x3c0 Drivers\STM32F1xx_HAL_Driver\Src\stm32f1xx_hal_tim.o
 .debug_ranges  0x00000838      0x158 Drivers\STM32F1xx_HAL_Driver\Src\stm32f1xx_hal_tim_ex.o
 .debug_ranges  0x00000990       0x20 startup\startup_stm32f103xb.o

.debug_line     0x00000000     0x5613
 .debug_line    0x00000000      0x6dc Core\Lib\ARGB\ARGB.o
 .debug_line    0x000006dc      0x2ee Core\Lib\app_main.o
 .debug_line    0x000009ca      0x344 Core\Src\main.o
 .debug_line    0x00000d0e      0x2bd Core\Src\stm32f1xx_hal_msp.o
 .debug_line    0x00000fcb      0x2ea Core\Src\stm32f1xx_it.o
 .debug_line    0x000012b5      0x22b Core\Src\system_stm32f1xx.o
 .debug_line    0x000014e0      0x3e6 Drivers\STM32F1xx_HAL_Driver\Src\stm32f1xx_hal.o
 .debug_line    0x000018c6      0x4b6 Drivers\STM32F1xx_HAL_Driver\Src\stm32f1xx_hal_cortex.o
 .debug_line    0x00001d7c      0x671 Drivers\STM32F1xx_HAL_Driver\Src\stm32f1xx_hal_dma.o
 .debug_line    0x000023ed      0x3fa Drivers\STM32F1xx_HAL_Driver\Src\stm32f1xx_hal_gpio.o
 .debug_line    0x000027e7      0x4fe Drivers\STM32F1xx_HAL_Driver\Src\stm32f1xx_hal_rcc.o
 .debug_line    0x00002ce5     0x1b7c Drivers\STM32F1xx_HAL_Driver\Src\stm32f1xx_hal_tim.o
 .debug_line    0x00004861      0xd32 Drivers\STM32F1xx_HAL_Driver\Src\stm32f1xx_hal_tim_ex.o
 .debug_line    0x00005593       0x80 startup\startup_stm32f103xb.o

.debug_str      0x00000000     0x33e5
 .debug_str     0x00000000      0xcec Core\Lib\ARGB\ARGB.o
                                0xdf8 (size before relaxing)
 .debug_str     0x00000cec       0x20 Core\Lib\app_main.o
                                0x6a5 (size before relaxing)
 .debug_str     0x00000d0c      0x5c8 Core\Src\main.o
                                0xd72 (size before relaxing)
 .debug_str     0x000012d4       0xd7 Core\Src\stm32f1xx_hal_msp.o
                                0xb8e (size before relaxing)
 .debug_str     0x000013ab       0xd4 Core\Src\stm32f1xx_it.o
                                0x81f (size before relaxing)
 .debug_str     0x0000147f       0x52 Core\Src\system_stm32f1xx.o
                                0x2eb (size before relaxing)
 .debug_str     0x000014d1      0x260 Drivers\STM32F1xx_HAL_Driver\Src\stm32f1xx_hal.o
                                0x823 (size before relaxing)
 .debug_str     0x00001731      0x400 Drivers\STM32F1xx_HAL_Driver\Src\stm32f1xx_hal_cortex.o
                                0x984 (size before relaxing)
 .debug_str     0x00001b31      0x247 Drivers\STM32F1xx_HAL_Driver\Src\stm32f1xx_hal_dma.o
                                0x6c6 (size before relaxing)
 .debug_str     0x00001d78      0x145 Drivers\STM32F1xx_HAL_Driver\Src\stm32f1xx_hal_gpio.o
                                0x4d5 (size before relaxing)
 .debug_str     0x00001ebd      0x21a Drivers\STM32F1xx_HAL_Driver\Src\stm32f1xx_hal_rcc.o
                                0x690 (size before relaxing)
 .debug_str     0x000020d7      0xd93 Drivers\STM32F1xx_HAL_Driver\Src\stm32f1xx_hal_tim.o
                               0x16ba (size before relaxing)
 .debug_str     0x00002e6a      0x57b Drivers\STM32F1xx_HAL_Driver\Src\stm32f1xx_hal_tim_ex.o
                                0xe6b (size before relaxing)

.comment        0x00000000       0x7c
 .comment       0x00000000       0x7c Core\Lib\ARGB\ARGB.o
                                 0x7d (size before relaxing)
 .comment       0x0000007c       0x7d Core\Lib\app_main.o
 .comment       0x0000007c       0x7d Core\Src\main.o
 .comment       0x0000007c       0x7d Core\Src\stm32f1xx_hal_msp.o
 .comment       0x0000007c       0x7d Core\Src\stm32f1xx_it.o
 .comment       0x0000007c       0x7d Core\Src\system_stm32f1xx.o
 .comment       0x0000007c       0x7d Drivers\STM32F1xx_HAL_Driver\Src\stm32f1xx_hal.o
 .comment       0x0000007c       0x7d Drivers\STM32F1xx_HAL_Driver\Src\stm32f1xx_hal_cortex.o
 .comment       0x0000007c       0x7d Drivers\STM32F1xx_HAL_Driver\Src\stm32f1xx_hal_dma.o
 .comment       0x0000007c       0x7d Drivers\STM32F1xx_HAL_Driver\Src\stm32f1xx_hal_gpio.o
 .comment       0x0000007c       0x7d Drivers\STM32F1xx_HAL_Driver\Src\stm32f1xx_hal_rcc.o
 .comment       0x0000007c       0x7d Drivers\STM32F1xx_HAL_Driver\Src\stm32f1xx_hal_tim.o
 .comment       0x0000007c       0x7d Drivers\STM32F1xx_HAL_Driver\Src\stm32f1xx_hal_tim_ex.o

.debug_frame    0x00000000     0x2c14
 .debug_frame   0x00000000      0x248 Core\Lib\ARGB\ARGB.o
 .debug_frame   0x00000248       0x2c Core\Lib\app_main.o
 .debug_frame   0x00000274       0xf8 Core\Src\main.o
 .debug_frame   0x0000036c       0xec Core\Src\stm32f1xx_hal_msp.o
 .debug_frame   0x00000458      0x13c Core\Src\stm32f1xx_it.o
 .debug_frame   0x00000594       0x58 Core\Src\system_stm32f1xx.o
 .debug_frame   0x000005ec      0x334 Drivers\STM32F1xx_HAL_Driver\Src\stm32f1xx_hal.o
 .debug_frame   0x00000920      0x428 Drivers\STM32F1xx_HAL_Driver\Src\stm32f1xx_hal_cortex.o
 .debug_frame   0x00000d48      0x208 Drivers\STM32F1xx_HAL_Driver\Src\stm32f1xx_hal_dma.o
 .debug_frame   0x00000f50      0x14c Drivers\STM32F1xx_HAL_Driver\Src\stm32f1xx_hal_gpio.o
 .debug_frame   0x0000109c      0x21c Drivers\STM32F1xx_HAL_Driver\Src\stm32f1xx_hal_rcc.o
 .debug_frame   0x000012b8     0x11b8 Drivers\STM32F1xx_HAL_Driver\Src\stm32f1xx_hal_tim.o
 .debug_frame   0x00002470      0x638 Drivers\STM32F1xx_HAL_Driver\Src\stm32f1xx_hal_tim_ex.o
 .debug_frame   0x00002aa8       0x2c d:/program files (x86)/atollic/truestudio for stm32 9.3.0/armtools/bin/../lib/gcc/arm-atollic-eabi/6.3.1/../../../../arm-atollic-eabi/lib/armv7-m\libc_nano.a(lib_a-init.o)
 .debug_frame   0x00002ad4       0x20 d:/program files (x86)/atollic/truestudio for stm32 9.3.0/armtools/bin/../lib/gcc/arm-atollic-eabi/6.3.1/../../../../arm-atollic-eabi/lib/armv7-m\libc_nano.a(lib_a-memset.o)
 .debug_frame   0x00002af4       0xac d:/program files (x86)/atollic/truestudio for stm32 9.3.0/armtools/bin/../lib/gcc/arm-atollic-eabi/6.3.1/armv7-m\libgcc.a(_arm_addsubdf3.o)
 .debug_frame   0x00002ba0       0x50 d:/program files (x86)/atollic/truestudio for stm32 9.3.0/armtools/bin/../lib/gcc/arm-atollic-eabi/6.3.1/armv7-m\libgcc.a(_arm_muldivdf3.o)
 .debug_frame   0x00002bf0       0x24 d:/program files (x86)/atollic/truestudio for stm32 9.3.0/armtools/bin/../lib/gcc/arm-atollic-eabi/6.3.1/armv7-m\libgcc.a(_arm_fixunsdfsi.o)
